Charbuff                                                        BSS            0x00000188-0x00000000
Charbuff_size                                                   BSS            0x0000018C-0x00000000
Con                                                             BSS            0x00000220-0x00000000
CurrentTps                                                      BSS            0x00000198-0x00000000
Devices                                                         BSS            0x00000248-0x00000000
KeyboardEvents                                                  BSS            0x000000C4-0x00000000
Keyboard_in                                                     BSS            0x000000B4-0x00000000
Memsize                                                         BSS            0x0000019C-0x00000000
Serial_tty                                                      BSS            0x000001A0-0x00000000
Stack_base                                                      BSS            0x00000190-0x00000000
Stack_top                                                       BSS            0x00000194-0x00000000
Video_tty                                                       BSS            0x000001E0-0x00000000
_lbud                                                           CODE           0x0000043C-0x00000000
_lhud                                                           CODE           0x00000444-0x00000000
_lwd                                                            CODE           0x0000044C-0x00000000
_sbd                                                            CODE           0x00000424-0x00000000
_shd                                                            CODE           0x0000042C-0x00000000
_swd                                                            CODE           0x00000434-0x00000000
_trace                                                          CODE           0x00000414-0x00000000
_trace_sreg                                                     CODE           0x0000041C-0x00000000
bios_kbd_handler                                                CODE           0x00001EA0-0x00000000
bios_start                                                      CODE           0x00004C8C-0x00000000
clear                                                           CODE           0x00003FD4-0x00000000
echo                                                            CODE           0x00003254-0x00000000
fanfare                                                         CODE           0x0000459C-0x00000000
is_alpha                                                        CODE           0x00003810-0x00000000
is_digit                                                        CODE           0x000037C0-0x00000000
is_print                                                        CODE           0x00003770-0x00000000
is_space                                                        CODE           0x00003538-0x00000000
is_upper                                                        CODE           0x00003860-0x00000000
kbd_get_translated                                              CODE           0x000021FC-0x00000000
kbd_init_tins                                                   CODE           0x000023D0-0x00000000
mel                                                             CODE           0x000048D8-0x00000000
memcpy                                                          CODE           0x0000046C-0x00000000
memset                                                          CODE           0x00000454-0x00000000
memseth                                                         CODE           0x00000460-0x00000000
pcm                                                             CODE           0x000046F4-0x00000000
peek                                                            CODE           0x00003B8C-0x00000000
play_chord                                                      CODE           0x000042EC-0x00000000
poke                                                            CODE           0x00003EE4-0x00000000
send_escape                                                     CODE           0x00004014-0x00000000
ser                                                             CODE           0x0000411C-0x00000000
serial_available                                                CODE           0x00002460-0x00000000
serial_is_connected                                             CODE           0x00002408-0x00000000
serial_outc                                                     CODE           0x000024B8-0x00000000
strchr                                                          CODE           0x000034AC-0x00000000
strtol                                                          CODE           0x00003590-0x00000000
strtoul                                                         CODE           0x000038B0-0x00000000
sysinfo                                                         CODE           0x00002ED4-0x00000000
tamlin                                                          CODE           0x000047E8-0x00000000
tins_getc                                                       CODE           0x00001BE8-0x00000000
tins_read                                                       CODE           0x00001C64-0x00000000
to_lower                                                        CODE           0x000034EC-0x00000000
ttty_ansi_parse                                                 CODE           0x000014F4-0x00000000
ttty_clear                                                      CODE           0x00001364-0x00000000
ttty_emit                                                       CODE           0x00000914-0x00000000
ttty_init                                                       CODE           0x00000478-0x00000000
ttty_mux_clear                                                  CODE           0x00001428-0x00000000
ttty_mux_printf                                                 CODE           0x00001B8C-0x00000000
ttty_mux_putc                                                   CODE           0x000011C0-0x00000000
ttty_mux_puts                                                   CODE           0x000012C4-0x00000000
ttty_mux_set_priority                                           CODE           0x00000618-0x00000000
ttty_mux_subscribe                                              CODE           0x00000588-0x00000000
ttty_printf                                                     CODE           0x00001B30-0x00000000
ttty_putc                                                       CODE           0x00001158-0x00000000
ttty_putc_ansi                                                  CODE           0x00001098-0x00000000
ttty_puts                                                       CODE           0x00001264-0x00000000
ushell_init                                                     CODE           0x00004DF8-0x00000000
ushell_process                                                  CODE           0x000054B4-0x00000000
ushell_putchar                                                  CODE           0x00002E94-0x00000000
video_get_csr                                                   CODE           0x00002764-0x00000000
video_get_cursor                                                CODE           0x000026E4-0x00000000
video_outc                                                      CODE           0x000027B0-0x00000000
video_set_csr                                                   CODE           0x00002694-0x00000000
video_set_cursor                                                CODE           0x00002614-0x00000000
video_setpos                                                    CODE           0x00002818-0x00000000
video_text_screen_size                                          CODE           0x00002544-0x00000000

CODE     start 0x00FFC000     size 0x000054FC
DATA     start 0x010014FC     size 0x00000774
BSS      start 0x01001C70     size 0x00000390
