Charbuff                                                        BSS            0x000004A8-0x00000000
Charbuff_size                                                   BSS            0x000004AC-0x00000000
Con                                                             BSS            0x00000558-0x00000000
CurrentTps                                                      BSS            0x000004B8-0x00000000
Devices                                                         BSS            0x00000580-0x00000000
KeyboardEvents                                                  BSS            0x000003E4-0x00000000
Keyboard_in                                                     BSS            0x000003D4-0x00000000
Memsize                                                         BSS            0x000004BC-0x00000000
Serial_tty                                                      BSS            0x000004C0-0x00000000
Stack_end                                                       BSS            0x000004B0-0x00000000
Stack_top                                                       BSS            0x000004B4-0x00000000
Video_tty                                                       BSS            0x0000050C-0x00000000
_lbud                                                           CODE           0x00000448-0x00000000
_lhud                                                           CODE           0x00000450-0x00000000
_lwd                                                            CODE           0x00000458-0x00000000
_sbd                                                            CODE           0x00000430-0x00000000
_shd                                                            CODE           0x00000438-0x00000000
_ssreg                                                          CODE           0x00000428-0x00000000
_swd                                                            CODE           0x00000440-0x00000000
_trace                                                          CODE           0x00000418-0x00000000
_trace_sreg                                                     CODE           0x00000420-0x00000000
bios_kbd_handler                                                CODE           0x00002378-0x00000000
bios_start                                                      CODE           0x00005F30-0x00000000
bios_vblank_handler                                             CODE           0x00005EF0-0x00000000
bouncing_box                                                    CODE           0x00005380-0x00000000
clear                                                           CODE           0x00004550-0x00000000
draw_batch                                                      CODE           0x0000576C-0x00000000
echo                                                            CODE           0x000037D0-0x00000000
fanfare                                                         CODE           0x00004B84-0x00000000
is_alpha                                                        CODE           0x00003D8C-0x00000000
is_digit                                                        CODE           0x00003D3C-0x00000000
is_print                                                        CODE           0x00003CEC-0x00000000
is_space                                                        CODE           0x00003AB4-0x00000000
is_upper                                                        CODE           0x00003DDC-0x00000000
kbd_get_translated                                              CODE           0x0000267C-0x00000000
kbd_init_tins                                                   CODE           0x00002880-0x00000000
kbd_reset_translation                                           CODE           0x000027D0-0x00000000
memcpy                                                          CODE           0x00000478-0x00000000
memset                                                          CODE           0x00000460-0x00000000
memseth                                                         CODE           0x0000046C-0x00000000
pcm                                                             CODE           0x00004C3C-0x00000000
pcm_synth                                                       CODE           0x00004D30-0x00000000
peek                                                            CODE           0x00004108-0x00000000
play_chord                                                      CODE           0x00004A0C-0x00000000
poke                                                            CODE           0x00004460-0x00000000
send_escape                                                     CODE           0x00004590-0x00000000
ser                                                             CODE           0x00004698-0x00000000
serial_available                                                CODE           0x00002910-0x00000000
serial_is_connected                                             CODE           0x000028B8-0x00000000
serial_outc                                                     CODE           0x00002968-0x00000000
strchr                                                          CODE           0x00003A28-0x00000000
strtol                                                          CODE           0x00003B0C-0x00000000
strtoul                                                         CODE           0x00003E2C-0x00000000
sysinfo                                                         CODE           0x00003450-0x00000000
tamlin                                                          CODE           0x00004EC8-0x00000000
test2d                                                          CODE           0x00005600-0x00000000
test3d                                                          CODE           0x00005D08-0x00000000
tins_getc                                                       CODE           0x000020C0-0x00000000
tins_read                                                       CODE           0x0000213C-0x00000000
to_lower                                                        CODE           0x00003A68-0x00000000
ttty_ansi_parse                                                 CODE           0x000017C0-0x00000000
ttty_clear                                                      CODE           0x000015D0-0x00000000
ttty_emit                                                       CODE           0x00000B88-0x00000000
ttty_init                                                       CODE           0x00000484-0x00000000
ttty_mux_clear                                                  CODE           0x000016F4-0x00000000
ttty_mux_printf                                                 CODE           0x00002064-0x00000000
ttty_mux_putc                                                   CODE           0x0000142C-0x00000000
ttty_mux_puts                                                   CODE           0x00001530-0x00000000
ttty_mux_set_priority                                           CODE           0x000006B4-0x00000000
ttty_mux_subscribe                                              CODE           0x00000624-0x00000000
ttty_printf                                                     CODE           0x00002008-0x00000000
ttty_putc                                                       CODE           0x000013C4-0x00000000
ttty_putc_ansi                                                  CODE           0x00001304-0x00000000
ttty_puts                                                       CODE           0x000014D0-0x00000000
ushell_init                                                     CODE           0x000060E8-0x00000000
ushell_process                                                  CODE           0x000067A4-0x00000000
ushell_putchar                                                  CODE           0x00003410-0x00000000
video_get_csr                                                   CODE           0x00002C14-0x00000000
video_get_cursor                                                CODE           0x00002B94-0x00000000
video_outc                                                      CODE           0x00002C60-0x00000000
video_set_csr                                                   CODE           0x00002B44-0x00000000
video_set_cursor                                                CODE           0x00002AC4-0x00000000
video_setpos                                                    CODE           0x00002D64-0x00000000
video_text_screen_size                                          CODE           0x000029F4-0x00000000

CODE     start 0x00FFC000     size 0x000067EC
DATA     start 0x010027EC     size 0x00000C64
BSS      start 0x01003450     size 0x000006C8
